// Jest Snapshot v1, https://goo.gl/fbAQLP

exports[`Table Snapshot 1`] = `
Object {
  "asFragment": [Function],
  "baseElement": <body>
    <div>
      <div
        class="justify-center flex w-full"
        id="table"
        role="main"
      >
        <div
          class="infinite-scroll-component__outerdiv"
        >
          <div
            class="infinite-scroll-component "
            style="height: auto; overflow: auto;"
          >
            <table
              class="table table-fixed"
            >
              <thead>
                <tr>
                  <th
                    class="cursor-pointer bg-slate-500 hover:bg-slate-600 w-64 focus:outline-accent-focus"
                    tabindex="6"
                  >
                    Author
                    <div
                      class="float-right"
                    >
                      ↕️
                    </div>
                  </th>
                  <th
                    class="cursor-pointer bg-slate-500 hover:bg-slate-600 w-96 focus:outline-accent-focus"
                    tabindex="7"
                  >
                    Title
                    <div
                      class="float-right"
                    >
                      ↕️
                    </div>
                  </th>
                  <th
                    class="cursor-pointer bg-slate-500 hover:bg-slate-600 w-36 focus:outline-accent-focus"
                    tabindex="8"
                  >
                    Year
                    <div
                      class="float-right"
                    >
                      ↕️
                    </div>
                  </th>
                  <th
                    class="cursor-pointer bg-slate-500 hover:bg-slate-600 w-36 focus:outline-accent-focus"
                    tabindex="9"
                  >
                    Language
                    <div
                      class="float-right"
                    >
                      ↕️
                    </div>
                  </th>
                </tr>
              </thead>
              <tbody />
            </table>
            <p>
              Loading...
            </p>
          </div>
        </div>
      </div>
    </div>
    <div>
      <div
        class="justify-center flex w-full"
        id="table"
        role="main"
      >
        <div
          class="infinite-scroll-component__outerdiv"
        >
          <div
            class="infinite-scroll-component "
            style="height: auto; overflow: auto;"
          >
            <table
              class="table table-fixed"
            >
              <thead>
                <tr>
                  <th
                    class="cursor-pointer bg-slate-500 hover:bg-slate-600 w-64 focus:outline-accent-focus"
                    tabindex="6"
                  >
                    Author
                    <div
                      class="float-right"
                    >
                      ↕️
                    </div>
                  </th>
                  <th
                    class="cursor-pointer bg-slate-500 hover:bg-slate-600 w-96 focus:outline-accent-focus"
                    tabindex="7"
                  >
                    Title
                    <div
                      class="float-right"
                    >
                      ↕️
                    </div>
                  </th>
                  <th
                    class="cursor-pointer bg-slate-500 hover:bg-slate-600 w-36 focus:outline-accent-focus"
                    tabindex="8"
                  >
                    Year
                    <div
                      class="float-right"
                    >
                      ↕️
                    </div>
                  </th>
                  <th
                    class="cursor-pointer bg-slate-500 hover:bg-slate-600 w-36 focus:outline-accent-focus"
                    tabindex="9"
                  >
                    Language
                    <div
                      class="float-right"
                    >
                      ↕️
                    </div>
                  </th>
                </tr>
              </thead>
              <tbody />
            </table>
            <p>
              Loading...
            </p>
          </div>
        </div>
      </div>
    </div>
  </body>,
  "container": <div>
    <div
      class="justify-center flex w-full"
      id="table"
      role="main"
    >
      <div
        class="infinite-scroll-component__outerdiv"
      >
        <div
          class="infinite-scroll-component "
          style="height: auto; overflow: auto;"
        >
          <table
            class="table table-fixed"
          >
            <thead>
              <tr>
                <th
                  class="cursor-pointer bg-slate-500 hover:bg-slate-600 w-64 focus:outline-accent-focus"
                  tabindex="6"
                >
                  Author
                  <div
                    class="float-right"
                  >
                    ↕️
                  </div>
                </th>
                <th
                  class="cursor-pointer bg-slate-500 hover:bg-slate-600 w-96 focus:outline-accent-focus"
                  tabindex="7"
                >
                  Title
                  <div
                    class="float-right"
                  >
                    ↕️
                  </div>
                </th>
                <th
                  class="cursor-pointer bg-slate-500 hover:bg-slate-600 w-36 focus:outline-accent-focus"
                  tabindex="8"
                >
                  Year
                  <div
                    class="float-right"
                  >
                    ↕️
                  </div>
                </th>
                <th
                  class="cursor-pointer bg-slate-500 hover:bg-slate-600 w-36 focus:outline-accent-focus"
                  tabindex="9"
                >
                  Language
                  <div
                    class="float-right"
                  >
                    ↕️
                  </div>
                </th>
              </tr>
            </thead>
            <tbody />
          </table>
          <p>
            Loading...
          </p>
        </div>
      </div>
    </div>
  </div>,
  "debug": [Function],
  "findAllByAltText": [Function],
  "findAllByDisplayValue": [Function],
  "findAllByLabelText": [Function],
  "findAllByPlaceholderText": [Function],
  "findAllByRole": [Function],
  "findAllByTestId": [Function],
  "findAllByText": [Function],
  "findAllByTitle": [Function],
  "findByAltText": [Function],
  "findByDisplayValue": [Function],
  "findByLabelText": [Function],
  "findByPlaceholderText": [Function],
  "findByRole": [Function],
  "findByTestId": [Function],
  "findByText": [Function],
  "findByTitle": [Function],
  "getAllByAltText": [Function],
  "getAllByDisplayValue": [Function],
  "getAllByLabelText": [Function],
  "getAllByPlaceholderText": [Function],
  "getAllByRole": [Function],
  "getAllByTestId": [Function],
  "getAllByText": [Function],
  "getAllByTitle": [Function],
  "getByAltText": [Function],
  "getByDisplayValue": [Function],
  "getByLabelText": [Function],
  "getByPlaceholderText": [Function],
  "getByRole": [Function],
  "getByTestId": [Function],
  "getByText": [Function],
  "getByTitle": [Function],
  "queryAllByAltText": [Function],
  "queryAllByDisplayValue": [Function],
  "queryAllByLabelText": [Function],
  "queryAllByPlaceholderText": [Function],
  "queryAllByRole": [Function],
  "queryAllByTestId": [Function],
  "queryAllByText": [Function],
  "queryAllByTitle": [Function],
  "queryByAltText": [Function],
  "queryByDisplayValue": [Function],
  "queryByLabelText": [Function],
  "queryByPlaceholderText": [Function],
  "queryByRole": [Function],
  "queryByTestId": [Function],
  "queryByText": [Function],
  "queryByTitle": [Function],
  "rerender": [Function],
  "unmount": [Function],
}
`;
